 
****************************************
Report : area
Design : gemm_control_unit
Version: X-2025.06
Date   : Sun Mar 15 16:55:11 2026
****************************************

Information: Updating design information... (UID-85)
Library(s) Used:

    asap7sc7p5t_SIMPLE_RVT_TT_nldm_211120 (File: /filespace/a/avula2/ECE755/lab1/asap7sc7p5t_28/LIB/NLDM/asap7sc7p5t_SIMPLE_RVT_TT_nldm_211120.db)
    asap7sc7p5t_INVBUF_RVT_TT_nldm_211120 (File: /filespace/a/avula2/ECE755/lab1/asap7sc7p5t_28/LIB/NLDM/asap7sc7p5t_INVBUF_RVT_TT_nldm_211120.db)
    asap7sc7p5t_AO_RVT_TT_nldm_211120 (File: /filespace/a/avula2/ECE755/lab1/asap7sc7p5t_28/LIB/NLDM/asap7sc7p5t_AO_RVT_TT_nldm_211120.db)
    asap7sc7p5t_OA_RVT_TT_nldm_211120 (File: /filespace/a/avula2/ECE755/lab1/asap7sc7p5t_28/LIB/NLDM/asap7sc7p5t_OA_RVT_TT_nldm_211120.db)
    asap7sc7p5t_SEQ_RVT_TT_nldm_220123 (File: /filespace/a/avula2/ECE755/lab1/asap7sc7p5t_28/LIB/NLDM/asap7sc7p5t_SEQ_RVT_TT_nldm_220123.db)

Number of ports:                           99
Number of nets:                           376
Number of cells:                          345
Number of combinational cells:            293
Number of sequential cells:                52
Number of macros/black boxes:               0
Number of buf/inv:                         94
Number of references:                      35

Combinational area:                 22.657320
Buf/Inv area:                        4.607280
Noncombinational area:              19.712160
Macro/Black Box area:                0.000000
Net Interconnect area:      undefined  (No wire load specified)

Total cell area:                    42.369480
Total area:                 undefined

Hierarchical area distribution
------------------------------

                                  Global cell area          Local cell area
                                  ------------------  --------------------------- 
Hierarchical cell                 Absolute   Percent  Combi-    Noncombi-  Black-
                                  Total      Total    national  national   boxes   Design
--------------------------------  ---------  -------  --------  ---------  ------  ---------
gemm_control_unit                   42.3695    100.0   22.6573    19.7122  0.0000  gemm_control_unit
--------------------------------  ---------  -------  --------  ---------  ------  ---------
Total                                                  22.6573    19.7122  0.0000

1
