 
****************************************
Report : area
Design : gemm_fifo_array
Version: X-2025.06
Date   : Sat Mar 14 20:54:21 2026
****************************************

Information: Updating design information... (UID-85)
Library(s) Used:

    asap7sc7p5t_SIMPLE_RVT_TT_nldm_211120 (File: /filespace/a/avula2/ECE755/lab1/asap7sc7p5t_28/LIB/NLDM/asap7sc7p5t_SIMPLE_RVT_TT_nldm_211120.db)
    asap7sc7p5t_INVBUF_RVT_TT_nldm_211120 (File: /filespace/a/avula2/ECE755/lab1/asap7sc7p5t_28/LIB/NLDM/asap7sc7p5t_INVBUF_RVT_TT_nldm_211120.db)
    asap7sc7p5t_AO_RVT_TT_nldm_211120 (File: /filespace/a/avula2/ECE755/lab1/asap7sc7p5t_28/LIB/NLDM/asap7sc7p5t_AO_RVT_TT_nldm_211120.db)
    asap7sc7p5t_OA_RVT_TT_nldm_211120 (File: /filespace/a/avula2/ECE755/lab1/asap7sc7p5t_28/LIB/NLDM/asap7sc7p5t_OA_RVT_TT_nldm_211120.db)
    asap7sc7p5t_SEQ_RVT_TT_nldm_220123 (File: /filespace/a/avula2/ECE755/lab1/asap7sc7p5t_28/LIB/NLDM/asap7sc7p5t_SEQ_RVT_TT_nldm_220123.db)

Number of ports:                          146
Number of nets:                          1995
Number of cells:                         1913
Number of combinational cells:           1289
Number of sequential cells:               624
Number of macros/black boxes:               0
Number of buf/inv:                        216
Number of references:                      20

Combinational area:                105.719580
Buf/Inv area:                       10.730880
Noncombinational area:             191.756154
Macro/Black Box area:                0.000000
Net Interconnect area:      undefined  (No wire load specified)

Total cell area:                   297.475734
Total area:                 undefined

Hierarchical area distribution
------------------------------

                                  Global cell area          Local cell area
                                  ------------------  --------------------------- 
Hierarchical cell                 Absolute   Percent  Combi-    Noncombi-  Black-
                                  Total      Total    national  national   boxes   Design
--------------------------------  ---------  -------  --------  ---------  ------  ---------
gemm_fifo_array                    297.4757    100.0  105.7196   191.7562  0.0000  gemm_fifo_array
--------------------------------  ---------  -------  --------  ---------  ------  ---------
Total                                                 105.7196   191.7562  0.0000

1
