┏━━━━━━━━━━━━━━━━━━━━━━┳━━━━━━━━━━┳━━━━━━━━━━┳━━━━━━━━━━┳━━━━━━━━━━┳━━━━━━━━━━━┳━━━━━━━━━━┳━━━━━━━━━━━┳━━━━━━━━━━┳━━━━━━━━━━━┳━━━━━━━━━━┳━━━━━━━━━━━┳━━━━━━━━━━┓
┃                      ┃ Hold     ┃ Reg to   ┃          ┃          ┃ of which  ┃ Setup    ┃           ┃          ┃           ┃ of which ┃           ┃          ┃
┃                      ┃ Worst    ┃ Reg      ┃          ┃ Hold Vio ┃ reg to    ┃ Worst    ┃ Reg to    ┃ Setup    ┃ Setup Vio ┃ reg to   ┃ Max Cap   ┃ Max Slew ┃
┃ Corner/Group         ┃ Slack    ┃ Paths    ┃ Hold TNS ┃ Count    ┃ reg       ┃ Slack    ┃ Reg Paths ┃ TNS      ┃ Count     ┃ reg      ┃ Violatio… ┃ Violati… ┃
┡━━━━━━━━━━━━━━━━━━━━━━╇━━━━━━━━━━╇━━━━━━━━━━╇━━━━━━━━━━╇━━━━━━━━━━╇━━━━━━━━━━━╇━━━━━━━━━━╇━━━━━━━━━━━╇━━━━━━━━━━╇━━━━━━━━━━━╇━━━━━━━━━━╇━━━━━━━━━━━╇━━━━━━━━━━┩
│ Overall              │ 0.0852   │ 0.1053   │ 0.0000   │ 0        │ 0         │ -19.0391 │ -19.0391  │ -17220.… │ 2082      │ 2082     │ 42        │ 764      │
│ nom_tt_025C_1v80     │ 0.3092   │ 0.3092   │ 0.0000   │ 0        │ 0         │ -2.9193  │ -2.9193   │ -1580.4… │ 1026      │ 1026     │ 22        │ 33       │
│ min_ss_100C_1v60     │ 0.0852   │ 0.8632   │ 0.0000   │ 0        │ 0         │ -19.0391 │ -19.0391  │ -17220.… │ 1056      │ 1056     │ 12        │ 764      │
│ max_ff_n40C_1v95     │ 0.1053   │ 0.1053   │ 0.0000   │ 0        │ 0         │ 3.2516   │ 3.2516    │ 0.0000   │ 0         │ 0        │ 42        │ 18       │
└──────────────────────┴──────────┴──────────┴──────────┴──────────┴───────────┴──────────┴───────────┴──────────┴───────────┴──────────┴───────────┴──────────┘
