
===========================================================================
 report_power
============================================================================
======================= nom_tt_025C_1v80 Corner ===================================

Group                    Internal    Switching      Leakage        Total
                            Power        Power        Power        Power (Watts)
------------------------------------------------------------------------
Sequential           1.196605e-02 6.757979e-03 2.561587e-08 1.872406e-02   6.0%
Combinational        1.263928e-01 1.590710e-01 1.839488e-07 2.854640e-01  91.5%
Clock                3.411259e-03 4.230059e-03 7.910737e-08 7.641396e-03   2.5%
Macro                0.000000e+00 0.000000e+00 0.000000e+00 0.000000e+00   0.0%
Pad                  0.000000e+00 0.000000e+00 0.000000e+00 0.000000e+00   0.0%
------------------------------------------------------------------------
Total                1.417692e-01 1.700592e-01 2.886754e-07 3.118286e-01 100.0%
                            45.5%        54.5%         0.0%

